// Jest Snapshot v1, https://goo.gl/fbAQLP

exports[`Example. Render example. 1`] = `
<Provider
  store={
    Object {
      "dispatch": [Function],
      "getState": [Function],
      "replaceReducer": [Function],
      "subscribe": [Function],
      Symbol(observable): [Function],
    }
  }
>
  <ConnectFunction>
    <Example
      blurThunk={[Function]}
      changeAction={[Function]}
      focusAction={[Function]}
    >
      <input
        onBlur={[Function]}
        onChange={[Function]}
        onFocus={[Function]}
        type="text"
      />
    </Example>
  </ConnectFunction>
</Provider>
`;
